// Jest Snapshot v1, https://goo.gl/fbAQLP

exports[`MovieForm renders snapshot 1`] = `
<div
  class="movie-form-container"
  data-testid="movie-form"
>
  <form>
    <div
      class="field-container"
    >
      <label
        for="title"
      >
        TITLE
      </label>
      <input
        id="title"
        name="title"
        type="text"
        value=""
      />
    </div>
    <div
      class="field-container"
    >
      <label
        for="release_date"
      >
        RELEASE DATE
      </label>
      <input
        id="release_date"
        name="release_date"
        type="date"
        value=""
      />
    </div>
    <div
      class="field-container"
    >
      <label
        for="poster_path"
      >
        MOVIE URL
      </label>
      <input
        id="poster_path"
        name="poster_path"
        type="text"
        value=""
      />
    </div>
    <div
      class="field-container"
    >
      <label
        for="runtime"
      >
        RUNTIME
      </label>
      <input
        id="runtime"
        name="runtime"
        type="number"
        value=""
      />
    </div>
    <div
      class="field-container"
    >
      <label
        for="vote_average"
      >
        RATING
      </label>
      <input
        id="vote_average"
        name="vote_average"
        type="number"
        value=""
      />
    </div>
    <div
      class="field-container"
    >
      <label
        for="genre"
      >
        GENRE
      </label>
      <select
        data-testid="sorting"
        id="sort"
        name="sort"
      >
        <option
          data-testid="all"
          value="all"
        >
          ALL
        </option>
        <option
          data-testid="comedy"
          value="comedy"
        >
          COMEDY
        </option>
        <option
          data-testid="drama"
          value="drama"
        >
          DRAMA
        </option>
        <option
          data-testid="detective"
          value="detective"
        >
          DETECTIVE
        </option>
      </select>
    </div>
    <div
      class="field-container full-width"
    >
      <label
        for="overview"
      >
        OVERVIEW
        :
      </label>
      <textarea
        id="overview"
        name="overview"
      />
    </div>
    <input
      class="button-transparent button"
      type="reset"
      value="RESET"
    />
    <button
      class="button-pink button"
      data-testid="submit-button"
      type="submit"
    >
      SUBMIT
    </button>
  </form>
</div>
`;
